../Core/Src/as7265x.c:30:6:as7265x_config	16	static
../Core/Src/as7265x.c:39:6:as7265x_read	8	static
../Core/Src/as7265x.c:57:9:i2cm_read	40	static
../Core/Src/as7265x.c:66:6:i2cm_write	32	static
../Core/Src/as7265x.c:73:6:as7265x_vreg_write	24	static
../Core/Src/as7265x.c:101:9:as7265x_vreg_read	24	static
../Core/Src/as7265x.c:145:5:as7265x_is_data_available	16	static
../Core/Src/as7265x.c:156:6:as7265x_device_select	16	static
../Core/Src/as7265x.c:166:6:as7265x_set_gain	24	static
../Core/Src/as7265x.c:180:6:as7265x_set_integration_time	16	static
../Core/Src/as7265x.c:191:6:as7265x_set_bulb_current	24	static
../Core/Src/as7265x.c:206:6:as7265x_bulb_enable	24	static
../Core/Src/as7265x.c:216:6:as7265x_bulb_disable	24	static
../Core/Src/as7265x.c:225:6:as7265x_indicator_enable	16	static
../Core/Src/as7265x.c:233:6:as7265x_indicator_disable	16	static
../Core/Src/as7265x.c:246:6:as7265x_set_measurement_mode	24	static
../Core/Src/as7265x.c:257:7:as7265x_get_calibrated_value	32	static
../Core/Src/as7265x.c:279:5:as7265x_get_raw_value	24	static
../Core/Src/as7265x.c:292:6:as7265x_get_all_calibrated_values	32	static
../Core/Src/as7265x.c:314:6:as7265x_get_all_raw_values	32	static
../Core/Src/as7265x.c:332:6:as7265x_order_calibrated_channels	96	static
../Core/Src/as7265x.c:344:6:as7265x_order_raw_channels	56	static
../Core/Src/as7265x.c:357:6:as7265x_measure	16	static
../Core/Src/as7265x.c:373:6:as7265x_soft_reset	8	static
../Core/Src/as7265x.c:379:23:as7265x_get_unordered_channel_wavelengths	96	static
../Core/Src/as7265x.c:390:23:as7265x_get_ordered_channel_wavelengths	96	static
