../Core/Src/main.c:113:1:__io_putchar	16	static
../Core/Src/main.c:123:6:QMC7983_config	32	static
../Core/Src/main.c:136:6:QMC7983_read_magn_field	32	static
../Core/Src/main.c:154:6:QMC7983_read_temp	32	static
../Core/Src/main.c:167:6:QMC7983_read_heading	8	static
../Core/Src/main.c:188:6:HAL_ADC_ConvCpltCallback	16	static
../Core/Src/main.c:196:6:Current_Left	16	static
../Core/Src/main.c:209:6:Current_Rigth	16	static
../Core/Src/main.c:229:5:main	8	static
../Core/Src/main.c:290:6:SystemClock_Config	96	static
../Core/Src/main.c:353:6:Error_Handler	4	static,ignoring_inline_asm
