../Core/Src/main.c:101:6:QMC7983_config	32	static
../Core/Src/main.c:114:6:QMC7983_read_magn_field	32	static
../Core/Src/main.c:133:6:QMC7983_read_temp	32	static
../Core/Src/main.c:144:6:QMC7983_read_heading	8	static
../Core/Src/main.c:165:6:HAL_ADC_ConvCpltCallback	16	static
../Core/Src/main.c:171:6:Current_Left	16	static
../Core/Src/main.c:188:6:Current_Rigth	16	static
../Core/Src/main.c:205:5:main	8	static
../Core/Src/main.c:267:6:SystemClock_Config	96	static
../Core/Src/main.c:330:6:Error_Handler	4	static,ignoring_inline_asm
